{"synthetic": false,
 "schemaVersion": "2025-09-10",
 "outputs":
 {"rs": "240117866f7d623b.ir.sig",
  "r": "4ef89dc6fb49d707.ir",
  "o":
  ["5a276a133bc96923.olean",
   "b75608fa154e7c09.olean.server",
   "56ae08c645fc92c3.olean.private"],
  "m": true,
  "i": "ba5f4c9fbccc90c3.ilean",
  "c": "6e55196a73d3da28.c"},
 "log":
 [{"message":
   ".> LEAN_PATH=/home/rdegenne/Documents/Lean/exposition/JunkValues/.lake/build/lib/lean /home/rdegenne/.elan/toolchains/leanprover--lean4---v4.33.0-rc1/bin/lean /home/rdegenne/Documents/Lean/exposition/JunkValues/JunkValues/Elab.lean -o /home/rdegenne/Documents/Lean/exposition/JunkValues/.lake/build/lib/lean/JunkValues/Elab.olean -i /home/rdegenne/Documents/Lean/exposition/JunkValues/.lake/build/lib/lean/JunkValues/Elab.ilean -c /home/rdegenne/Documents/Lean/exposition/JunkValues/.lake/build/ir/JunkValues/Elab.c --setup /home/rdegenne/Documents/Lean/exposition/JunkValues/.lake/build/ir/JunkValues/Elab.setup.json --json",
   "level": "trace"}],
 "inputs":
 [["deps",
   [["JunkValues/JunkValues:extraDep",
     [["@JunkValues:extraDep", "00000000000006bb"]]],
    ["imports",
     [["JunkValues.Frontend transitive imports (public)", "5e9189eba8477cd7"],
      ["JunkValues.Frontend:importArts", "48617077f73a1db5"],
      ["JunkValues.Frontend transitive imports (meta)", "1ae4754456b2bb0b"],
      ["JunkValues.Frontend:importArts (meta)", "540d0196afa93b38"]]]]],
  ["libs",
   [["import dynlibs", "00000000000006bb"],
    ["package external libraries", "00000000000006bb"],
    ["module dynlibs", "00000000000006bb"],
    ["module plugins", "00000000000006bb"]]],
  ["Lean 4.33.0, commit 62eed1db4d67327ec8120be05f1a1b0847d74561",
   "8fa8fbe052c71a8e"],
  ["/home/rdegenne/Documents/Lean/exposition/JunkValues/JunkValues/Elab.lean",
   "96df6ae4e049c027"],
  ["options", "00000000000006bb"],
  ["isModule: true", "760fcc16989f4b9b"],
  ["Module.name: JunkValues.Elab", "2f5d41f5ba637a0e"],
  ["Package.id?: (some JunkValues)", "ba808cb64edf0db0"],
  ["Module.leanArgs: #[]", "00000000000006bb"]],
 "depHash": "e54364a50a9c794f"}