{"synthetic": false,
 "schemaVersion": "2025-09-10",
 "outputs":
 {"rs": "ada658f5b0a6003d.ir.sig",
  "r": "7514990f1fb2e16f.ir",
  "o":
  ["ba60537791eb48e9.olean",
   "04c5bd6607babc66.olean.server",
   "43a2dd3862bae602.olean.private"],
  "m": true,
  "i": "695d86800af8f92e.ilean",
  "c": "486318d6bc370d46.c"},
 "log":
 [{"message":
   ".> LEAN_PATH=/home/rdegenne/Documents/Lean/exposition/JunkValues/.lake/build/lib/lean /home/rdegenne/.elan/toolchains/leanprover--lean4---v4.33.0-rc1/bin/lean /home/rdegenne/Documents/Lean/exposition/JunkValues/JunkValues/Extra.lean -o /home/rdegenne/Documents/Lean/exposition/JunkValues/.lake/build/lib/lean/JunkValues/Extra.olean -i /home/rdegenne/Documents/Lean/exposition/JunkValues/.lake/build/lib/lean/JunkValues/Extra.ilean -c /home/rdegenne/Documents/Lean/exposition/JunkValues/.lake/build/ir/JunkValues/Extra.c --setup /home/rdegenne/Documents/Lean/exposition/JunkValues/.lake/build/ir/JunkValues/Extra.setup.json --json",
   "level": "trace"}],
 "inputs":
 [["deps",
   [["JunkValues/JunkValues:extraDep",
     [["@JunkValues:extraDep", "00000000000006bb"]]],
    ["imports",
     [["JunkValues.Extra.Entry transitive imports (public)",
       "3787e395e9294667"],
      ["JunkValues.Extra.Entry:importArts", "82a17026944b6eea"],
      ["JunkValues.Extra.Catalogue transitive imports (public)",
       "8a59bb79a318e6ee"],
      ["JunkValues.Extra.Catalogue:importArts", "e8835ff0c1d7486b"],
      ["JunkValues.Extra.Arithmetic transitive imports (public)",
       "8a59bb79a318e6ee"],
      ["JunkValues.Extra.Arithmetic:importArts", "fe405deffe807ef2"],
      ["JunkValues.Extra.Discovery transitive imports (public)",
       "3787e395e9294667"],
      ["JunkValues.Extra.Discovery:importArts", "6ce0b4a7efdd4bba"]]]]],
  ["libs",
   [["import dynlibs", "00000000000006bb"],
    ["package external libraries", "00000000000006bb"],
    ["module dynlibs", "00000000000006bb"],
    ["module plugins", "00000000000006bb"]]],
  ["Lean 4.33.0, commit 62eed1db4d67327ec8120be05f1a1b0847d74561",
   "8fa8fbe052c71a8e"],
  ["/home/rdegenne/Documents/Lean/exposition/JunkValues/JunkValues/Extra.lean",
   "49924d00c82e03e9"],
  ["options", "00000000000006bb"],
  ["isModule: true", "760fcc16989f4b9b"],
  ["Module.name: JunkValues.Extra", "4a9fe7b9f72cefb9"],
  ["Package.id?: (some JunkValues)", "ba808cb64edf0db0"],
  ["Module.leanArgs: #[]", "00000000000006bb"]],
 "depHash": "9cafc9eaf8a1a0a6"}