{"synthetic": false,
 "schemaVersion": "2025-09-10",
 "outputs":
 {"rs": "8bc6212362f2829d.ir.sig",
  "r": "74f8d007c473e763.ir",
  "o":
  ["5ff92c98f4495fc8.olean",
   "977692df87003973.olean.server",
   "b7fa4bccf50636e4.olean.private"],
  "m": true,
  "i": "d4bf6276a9c5ae50.ilean",
  "c": "bb2f3a57de0ac588.c"},
 "log":
 [{"message":
   ".> LEAN_PATH=/home/rdegenne/Documents/Lean/exposition/JunkValues/.lake/build/lib/lean /home/rdegenne/.elan/toolchains/leanprover--lean4---v4.33.0-rc1/bin/lean /home/rdegenne/Documents/Lean/exposition/JunkValues/JunkValues/Report.lean -o /home/rdegenne/Documents/Lean/exposition/JunkValues/.lake/build/lib/lean/JunkValues/Report.olean -i /home/rdegenne/Documents/Lean/exposition/JunkValues/.lake/build/lib/lean/JunkValues/Report.ilean -c /home/rdegenne/Documents/Lean/exposition/JunkValues/.lake/build/ir/JunkValues/Report.c --setup /home/rdegenne/Documents/Lean/exposition/JunkValues/.lake/build/ir/JunkValues/Report.setup.json --json",
   "level": "trace"}],
 "inputs":
 [["deps",
   [["JunkValues/JunkValues:extraDep",
     [["@JunkValues:extraDep", "00000000000006bb"]]],
    ["imports", "00000000000006bb"]]],
  ["libs",
   [["import dynlibs", "00000000000006bb"],
    ["package external libraries", "00000000000006bb"],
    ["module dynlibs", "00000000000006bb"],
    ["module plugins", "00000000000006bb"]]],
  ["Lean 4.33.0, commit 62eed1db4d67327ec8120be05f1a1b0847d74561",
   "8fa8fbe052c71a8e"],
  ["/home/rdegenne/Documents/Lean/exposition/JunkValues/JunkValues/Report.lean",
   "ee3cc5dac2b699c4"],
  ["options", "00000000000006bb"],
  ["isModule: true", "760fcc16989f4b9b"],
  ["Module.name: JunkValues.Report", "3c24238e1319984b"],
  ["Package.id?: (some JunkValues)", "ba808cb64edf0db0"],
  ["Module.leanArgs: #[]", "00000000000006bb"]],
 "depHash": "7c3981c98c90872c"}