{"synthetic": false,
 "schemaVersion": "2025-09-10",
 "outputs":
 {"rs": "66bb6a7b5ce22f62.ir.sig",
  "r": "b497ce5bb8454c48.ir",
  "o":
  ["c86bfe0ea03a07ab.olean",
   "b60f90cad12bfc88.olean.server",
   "9b8b9e203044b7c0.olean.private"],
  "m": true,
  "i": "784870894017c7ea.ilean",
  "c": "a44a1e75c093126b.c"},
 "log":
 [{"message":
   ".> LEAN_PATH=/home/rdegenne/Documents/Lean/exposition/JunkValues/.lake/build/lib/lean /home/rdegenne/.elan/toolchains/leanprover--lean4---v4.33.0-rc1/bin/lean /home/rdegenne/Documents/Lean/exposition/JunkValues/JunkValues/RuleSet.lean -o /home/rdegenne/Documents/Lean/exposition/JunkValues/.lake/build/lib/lean/JunkValues/RuleSet.olean -i /home/rdegenne/Documents/Lean/exposition/JunkValues/.lake/build/lib/lean/JunkValues/RuleSet.ilean -c /home/rdegenne/Documents/Lean/exposition/JunkValues/.lake/build/ir/JunkValues/RuleSet.c --setup /home/rdegenne/Documents/Lean/exposition/JunkValues/.lake/build/ir/JunkValues/RuleSet.setup.json --json",
   "level": "trace"}],
 "inputs":
 [["deps",
   [["JunkValues/JunkValues:extraDep",
     [["@JunkValues:extraDep", "00000000000006bb"]]],
    ["imports",
     [["JunkValues.Registry transitive imports (public)", "eb24e230975e0fa3"],
      ["JunkValues.Registry:importArts", "d2a66d67d8a8fe7d"]]]]],
  ["libs",
   [["import dynlibs", "00000000000006bb"],
    ["package external libraries", "00000000000006bb"],
    ["module dynlibs", "00000000000006bb"],
    ["module plugins", "00000000000006bb"]]],
  ["Lean 4.33.0, commit 62eed1db4d67327ec8120be05f1a1b0847d74561",
   "8fa8fbe052c71a8e"],
  ["/home/rdegenne/Documents/Lean/exposition/JunkValues/JunkValues/RuleSet.lean",
   "4dac9beb6e14d988"],
  ["options", "00000000000006bb"],
  ["isModule: true", "760fcc16989f4b9b"],
  ["Module.name: JunkValues.RuleSet", "5abb9da1768fb2e9"],
  ["Package.id?: (some JunkValues)", "ba808cb64edf0db0"],
  ["Module.leanArgs: #[]", "00000000000006bb"]],
 "depHash": "282669b57ad2cd73"}