{"synthetic": false,
 "schemaVersion": "2025-09-10",
 "outputs":
 {"rs": "6549d3b291379b12.ir.sig",
  "r": "4e3bdc4b9ceb2287.ir",
  "o":
  ["450144c201f4e4db.olean",
   "1755fa9909af38aa.olean.server",
   "2599e202d0676ff2.olean.private"],
  "m": true,
  "i": "225242c15bd2ff12.ilean",
  "c": "3f3f4dc24b0113d2.c"},
 "log":
 [{"message":
   ".> LEAN_PATH=/home/rdegenne/Documents/Lean/exposition/JunkValues/.lake/build/lib/lean /home/rdegenne/.elan/toolchains/leanprover--lean4---v4.33.0-rc1/bin/lean /home/rdegenne/Documents/Lean/exposition/JunkValues/JunkValues/Scan.lean -o /home/rdegenne/Documents/Lean/exposition/JunkValues/.lake/build/lib/lean/JunkValues/Scan.olean -i /home/rdegenne/Documents/Lean/exposition/JunkValues/.lake/build/lib/lean/JunkValues/Scan.ilean -c /home/rdegenne/Documents/Lean/exposition/JunkValues/.lake/build/ir/JunkValues/Scan.c --setup /home/rdegenne/Documents/Lean/exposition/JunkValues/.lake/build/ir/JunkValues/Scan.setup.json --json",
   "level": "trace"}],
 "inputs":
 [["deps",
   [["JunkValues/JunkValues:extraDep",
     [["@JunkValues:extraDep", "00000000000006bb"]]],
    ["imports",
     [["JunkValues.RuleSet transitive imports (public)", "4b411d1150d2db10"],
      ["JunkValues.RuleSet:importArts", "2e0ffa1328172d4c"],
      ["JunkValues.Guard transitive imports (public)", "fc17883d73506bea"],
      ["JunkValues.Guard:importArts", "1a41526554a87e04"],
      ["JunkValues.Report transitive imports (public)", "00000000000006bb"],
      ["JunkValues.Report:importArts", "92ea4dc0f458b834"]]]]],
  ["libs",
   [["import dynlibs", "00000000000006bb"],
    ["package external libraries", "00000000000006bb"],
    ["module dynlibs", "00000000000006bb"],
    ["module plugins", "00000000000006bb"]]],
  ["Lean 4.33.0, commit 62eed1db4d67327ec8120be05f1a1b0847d74561",
   "8fa8fbe052c71a8e"],
  ["/home/rdegenne/Documents/Lean/exposition/JunkValues/JunkValues/Scan.lean",
   "0025e9590a5791f9"],
  ["options", "00000000000006bb"],
  ["isModule: true", "760fcc16989f4b9b"],
  ["Module.name: JunkValues.Scan", "6604a93cbdb2fadc"],
  ["Package.id?: (some JunkValues)", "ba808cb64edf0db0"],
  ["Module.leanArgs: #[]", "00000000000006bb"]],
 "depHash": "f4c85c1ddb927cb7"}