{"synthetic": false,
 "schemaVersion": "2025-09-10",
 "outputs":
 {"rs": "57ffa0b17b4bdc79.ir.sig",
  "r": "7dda8dd15a1d93ef.ir",
  "o":
  ["373e1b3730cf3296.olean",
   "7ed37e9b604be1af.olean.server",
   "84b856aa502ba1a2.olean.private"],
  "m": true,
  "i": "fe80a7b340702104.ilean",
  "c": "6a2008cfc7accd61.c"},
 "log":
 [{"message":
   ".> LEAN_PATH=/home/rdegenne/Documents/Lean/exposition/JunkValues/.lake/build/lib/lean /home/rdegenne/.elan/toolchains/leanprover--lean4---v4.33.0-rc1/bin/lean /home/rdegenne/Documents/Lean/exposition/JunkValues/JunkValues/Extra/Arithmetic.lean -o /home/rdegenne/Documents/Lean/exposition/JunkValues/.lake/build/lib/lean/JunkValues/Extra/Arithmetic.olean -i /home/rdegenne/Documents/Lean/exposition/JunkValues/.lake/build/lib/lean/JunkValues/Extra/Arithmetic.ilean -c /home/rdegenne/Documents/Lean/exposition/JunkValues/.lake/build/ir/JunkValues/Extra/Arithmetic.c --setup /home/rdegenne/Documents/Lean/exposition/JunkValues/.lake/build/ir/JunkValues/Extra/Arithmetic.setup.json --json",
   "level": "trace"}],
 "inputs":
 [["deps",
   [["JunkValues/JunkValues:extraDep",
     [["@JunkValues:extraDep", "00000000000006bb"]]],
    ["imports",
     [["JunkValues.Extra.Entry transitive imports (public)",
       "3787e395e9294667"],
      ["JunkValues.Extra.Entry:importArts", "82a17026944b6eea"]]]]],
  ["libs",
   [["import dynlibs", "00000000000006bb"],
    ["package external libraries", "00000000000006bb"],
    ["module dynlibs", "00000000000006bb"],
    ["module plugins", "00000000000006bb"]]],
  ["Lean 4.33.0, commit 62eed1db4d67327ec8120be05f1a1b0847d74561",
   "8fa8fbe052c71a8e"],
  ["/home/rdegenne/Documents/Lean/exposition/JunkValues/JunkValues/Extra/Arithmetic.lean",
   "3da19be5b599ec27"],
  ["options", "00000000000006bb"],
  ["isModule: true", "760fcc16989f4b9b"],
  ["Module.name: JunkValues.Extra.Arithmetic", "2bc1086cf8998522"],
  ["Package.id?: (some JunkValues)", "ba808cb64edf0db0"],
  ["Module.leanArgs: #[]", "00000000000006bb"]],
 "depHash": "13235b8dc75c74f8"}