{"synthetic": false,
 "schemaVersion": "2025-09-10",
 "outputs":
 {"rs": "4a670654e8623418.ir.sig",
  "r": "b1493c6410cade40.ir",
  "o":
  ["f4056ea4b0086d96.olean",
   "f4543d332f8cffed.olean.server",
   "84f56f0023125aa0.olean.private"],
  "m": true,
  "i": "94376c6f0051984b.ilean",
  "c": "070df3b949b44485.c"},
 "log":
 [{"message":
   ".> LEAN_PATH=/home/rdegenne/Documents/Lean/exposition/JunkValues/.lake/build/lib/lean /home/rdegenne/.elan/toolchains/leanprover--lean4---v4.33.0-rc1/bin/lean /home/rdegenne/Documents/Lean/exposition/JunkValues/JunkValues/Extra/Catalogue.lean -o /home/rdegenne/Documents/Lean/exposition/JunkValues/.lake/build/lib/lean/JunkValues/Extra/Catalogue.olean -i /home/rdegenne/Documents/Lean/exposition/JunkValues/.lake/build/lib/lean/JunkValues/Extra/Catalogue.ilean -c /home/rdegenne/Documents/Lean/exposition/JunkValues/.lake/build/ir/JunkValues/Extra/Catalogue.c --setup /home/rdegenne/Documents/Lean/exposition/JunkValues/.lake/build/ir/JunkValues/Extra/Catalogue.setup.json --json",
   "level": "trace"}],
 "inputs":
 [["deps",
   [["JunkValues/JunkValues:extraDep",
     [["@JunkValues:extraDep", "00000000000006bb"]]],
    ["imports",
     [["JunkValues.Extra.Entry transitive imports (public)",
       "3787e395e9294667"],
      ["JunkValues.Extra.Entry:importArts", "82a17026944b6eea"]]]]],
  ["libs",
   [["import dynlibs", "00000000000006bb"],
    ["package external libraries", "00000000000006bb"],
    ["module dynlibs", "00000000000006bb"],
    ["module plugins", "00000000000006bb"]]],
  ["Lean 4.33.0, commit 62eed1db4d67327ec8120be05f1a1b0847d74561",
   "8fa8fbe052c71a8e"],
  ["/home/rdegenne/Documents/Lean/exposition/JunkValues/JunkValues/Extra/Catalogue.lean",
   "522e2b2d2a1aad3c"],
  ["options", "00000000000006bb"],
  ["isModule: true", "760fcc16989f4b9b"],
  ["Module.name: JunkValues.Extra.Catalogue", "54c3561ac64b6c46"],
  ["Package.id?: (some JunkValues)", "ba808cb64edf0db0"],
  ["Module.leanArgs: #[]", "00000000000006bb"]],
 "depHash": "169d6e436d5656e1"}