{"synthetic": false,
 "schemaVersion": "2025-09-10",
 "outputs":
 {"rs": "673275cbfbffb57c.ir.sig",
  "r": "561ef79ca867a1af.ir",
  "o":
  ["19ed7381f090c6b6.olean",
   "8aed6cbcb1cef752.olean.server",
   "0247f490db318b97.olean.private"],
  "m": true,
  "i": "2cb21a105f24396f.ilean",
  "c": "a95a4f168c4a2592.c"},
 "log":
 [{"message":
   ".> LEAN_PATH=/home/rdegenne/Documents/Lean/exposition/JunkValues/.lake/build/lib/lean /home/rdegenne/.elan/toolchains/leanprover--lean4---v4.33.0-rc1/bin/lean /home/rdegenne/Documents/Lean/exposition/JunkValues/JunkValues/Extra/Discovery.lean -o /home/rdegenne/Documents/Lean/exposition/JunkValues/.lake/build/lib/lean/JunkValues/Extra/Discovery.olean -i /home/rdegenne/Documents/Lean/exposition/JunkValues/.lake/build/lib/lean/JunkValues/Extra/Discovery.ilean -c /home/rdegenne/Documents/Lean/exposition/JunkValues/.lake/build/ir/JunkValues/Extra/Discovery.c --setup /home/rdegenne/Documents/Lean/exposition/JunkValues/.lake/build/ir/JunkValues/Extra/Discovery.setup.json --json",
   "level": "trace"}],
 "inputs":
 [["deps",
   [["JunkValues/JunkValues:extraDep",
     [["@JunkValues:extraDep", "00000000000006bb"]]],
    ["imports",
     [["JunkValues.RuleSet transitive imports (public)", "4b411d1150d2db10"],
      ["JunkValues.RuleSet:importArts", "2e0ffa1328172d4c"]]]]],
  ["libs",
   [["import dynlibs", "00000000000006bb"],
    ["package external libraries", "00000000000006bb"],
    ["module dynlibs", "00000000000006bb"],
    ["module plugins", "00000000000006bb"]]],
  ["Lean 4.33.0, commit 62eed1db4d67327ec8120be05f1a1b0847d74561",
   "8fa8fbe052c71a8e"],
  ["/home/rdegenne/Documents/Lean/exposition/JunkValues/JunkValues/Extra/Discovery.lean",
   "eeb15d1db0281249"],
  ["options", "00000000000006bb"],
  ["isModule: true", "760fcc16989f4b9b"],
  ["Module.name: JunkValues.Extra.Discovery", "c2d798f3f004d989"],
  ["Package.id?: (some JunkValues)", "ba808cb64edf0db0"],
  ["Module.leanArgs: #[]", "00000000000006bb"]],
 "depHash": "fb17d37e2f660384"}