{"synthetic": false,
 "schemaVersion": "2025-09-10",
 "outputs":
 {"rs": "ff28ecf84499916b.ir.sig",
  "r": "9d42a33eb042fc30.ir",
  "o":
  ["bcdd653f4c290734.olean",
   "8da1ef0618d619f4.olean.server",
   "8541575548cdd583.olean.private"],
  "m": true,
  "i": "0c88137f63ca2589.ilean",
  "c": "5c92920720ebcdf6.c"},
 "log":
 [{"message":
   ".> LEAN_PATH=/home/rdegenne/Documents/Lean/exposition/JunkValues/.lake/build/lib/lean /home/rdegenne/.elan/toolchains/leanprover--lean4---v4.33.0-rc1/bin/lean /home/rdegenne/Documents/Lean/exposition/JunkValues/JunkValues/Extra/Entry.lean -o /home/rdegenne/Documents/Lean/exposition/JunkValues/.lake/build/lib/lean/JunkValues/Extra/Entry.olean -i /home/rdegenne/Documents/Lean/exposition/JunkValues/.lake/build/lib/lean/JunkValues/Extra/Entry.ilean -c /home/rdegenne/Documents/Lean/exposition/JunkValues/.lake/build/ir/JunkValues/Extra/Entry.c --setup /home/rdegenne/Documents/Lean/exposition/JunkValues/.lake/build/ir/JunkValues/Extra/Entry.setup.json --json",
   "level": "trace"}],
 "inputs":
 [["deps",
   [["JunkValues/JunkValues:extraDep",
     [["@JunkValues:extraDep", "00000000000006bb"]]],
    ["imports",
     [["JunkValues.RuleSet transitive imports (public)", "4b411d1150d2db10"],
      ["JunkValues.RuleSet:importArts", "2e0ffa1328172d4c"]]]]],
  ["libs",
   [["import dynlibs", "00000000000006bb"],
    ["package external libraries", "00000000000006bb"],
    ["module dynlibs", "00000000000006bb"],
    ["module plugins", "00000000000006bb"]]],
  ["Lean 4.33.0, commit 62eed1db4d67327ec8120be05f1a1b0847d74561",
   "8fa8fbe052c71a8e"],
  ["/home/rdegenne/Documents/Lean/exposition/JunkValues/JunkValues/Extra/Entry.lean",
   "0aa92e9aa0fe602b"],
  ["options", "00000000000006bb"],
  ["isModule: true", "760fcc16989f4b9b"],
  ["Module.name: JunkValues.Extra.Entry", "23c8c9de4d5144ad"],
  ["Package.id?: (some JunkValues)", "ba808cb64edf0db0"],
  ["Module.leanArgs: #[]", "00000000000006bb"]],
 "depHash": "87adde2bdb0d0c8b"}