{"synthetic": false,
 "schemaVersion": "2025-09-10",
 "outputs":
 {"rs": "161855628b1c9232.ir.sig",
  "r": "a7f2a7cdd8b4f9e8.ir",
  "o":
  ["633435c694277dbe.olean",
   "362135090fc4b13b.olean.server",
   "c3a9f8feae8dcbe3.olean.private"],
  "m": true,
  "i": "6cb642a382a04939.ilean",
  "c": "695983013032fa9b.c"},
 "log":
 [{"message":
   ".> LEAN_PATH=/home/rdegenne/Documents/Lean/exposition/JunkValues/.lake/build/lib/lean /home/rdegenne/.elan/toolchains/leanprover--lean4---v4.33.0-rc1/bin/lean /home/rdegenne/Documents/Lean/exposition/JunkValues/JunkValues.lean -o /home/rdegenne/Documents/Lean/exposition/JunkValues/.lake/build/lib/lean/JunkValues.olean -i /home/rdegenne/Documents/Lean/exposition/JunkValues/.lake/build/lib/lean/JunkValues.ilean -c /home/rdegenne/Documents/Lean/exposition/JunkValues/.lake/build/ir/JunkValues.c --setup /home/rdegenne/Documents/Lean/exposition/JunkValues/.lake/build/ir/JunkValues.setup.json --json",
   "level": "trace"}],
 "inputs":
 [["deps",
   [["JunkValues/JunkValues:extraDep",
     [["@JunkValues:extraDep", "00000000000006bb"]]],
    ["imports",
     [["JunkValues.Rule transitive imports (public)", "00000000000006bb"],
      ["JunkValues.Rule:importArts", "efbed038f52c108a"],
      ["JunkValues.Registry transitive imports (public)", "ccaa4f59db26c6ff"],
      ["JunkValues.Registry:importArts", "36c303b7ef17f262"],
      ["JunkValues.RuleSet transitive imports (public)", "a3eeb8e54605880c"],
      ["JunkValues.RuleSet:importArts", "2e0ffa1328172d4c"],
      ["JunkValues.Report transitive imports (public)", "00000000000006bb"],
      ["JunkValues.Report:importArts", "92ea4dc0f458b834"],
      ["JunkValues.Guard transitive imports (public)", "fc17883d73506bea"],
      ["JunkValues.Guard:importArts", "1a41526554a87e04"],
      ["JunkValues.Scan transitive imports (public)", "0d9d00e815a22064"],
      ["JunkValues.Scan:importArts", "b9451606675de19a"],
      ["JunkValues.Frontend transitive imports (public)", "6a897c3543c1e02c"],
      ["JunkValues.Frontend:importArts", "a6c683a6c691b14c"],
      ["JunkValues.Elab transitive imports (public)", "8f1988aa2b0ed9fa"],
      ["JunkValues.Elab:importArts", "b82eb184c466656a"]]]]],
  ["libs",
   [["import dynlibs", "00000000000006bb"],
    ["package external libraries", "00000000000006bb"],
    ["module dynlibs", "00000000000006bb"],
    ["module plugins", "00000000000006bb"]]],
  ["Lean 4.33.0, commit 62eed1db4d67327ec8120be05f1a1b0847d74561",
   "8fa8fbe052c71a8e"],
  ["/home/rdegenne/Documents/Lean/exposition/JunkValues/JunkValues.lean",
   "ca59904d0b68a254"],
  ["options", "00000000000006bb"],
  ["isModule: true", "760fcc16989f4b9b"],
  ["Module.name: JunkValues", "feffe02d6a48b86b"],
  ["Package.id?: (some JunkValues)", "ba808cb64edf0db0"],
  ["Module.leanArgs: #[]", "00000000000006bb"]],
 "depHash": "f540cabf8e264234"}